// Jest Snapshot v1, https://goo.gl/fbAQLP

exports[`<Greeting /> should match snapshot 1`] = `
<h1>
  Hello, world!
</h1>
`;
